---
- info_url: https://openaccess.fairfieldcity.nsw.gov.au/OpenAccess/Modules/Applicationmaster/default.aspx?page=wrapper&key=010.2025.00000100.001
  council_reference: DA - 100.1/2025
  date_received: '2025-04-02'
  description: Demolition of existing dwelling,Construction of a two storey dwelling
  address: 76 Torrens ST CANLEY HEIGHTS, NSW
  date_scraped: '2025-04-15'
  authority_label: fairfield
- info_url: https://openaccess.fairfieldcity.nsw.gov.au/OpenAccess/Modules/Applicationmaster/default.aspx?page=wrapper&key=010.2025.00000101.001
  council_reference: DA - 101.1/2025
  date_received: '2025-04-03'
  description: Alterations and additions to an existing intensive plant agriculture
  address: 176-182 Chandos RD HORSLEY PARK, NSW
  date_scraped: '2025-04-15'
  authority_label: fairfield
- info_url: https://openaccess.fairfieldcity.nsw.gov.au/OpenAccess/Modules/Applicationmaster/default.aspx?page=wrapper&key=010.2025.00000102.001
  council_reference: DA - 102.1/2025
  date_received: '2025-03-27'
  description: Use of commercial premises for a convenience store
  address: 7/48-66 The Horsley DR CARRAMAR, NSW
  date_scraped: '2025-04-15'
  authority_label: fairfield
- info_url: https://openaccess.fairfieldcity.nsw.gov.au/OpenAccess/Modules/Applicationmaster/default.aspx?page=wrapper&key=010.2025.00000103.001
  council_reference: DA - 103.1/2025
  date_received: '2025-04-03'
  description: Construction of a detached secondary dwelling and retaining wall
  address: 18 Franklin PL BOSSLEY PARK, NSW
  date_scraped: '2025-04-15'
  authority_label: fairfield
- info_url: https://openaccess.fairfieldcity.nsw.gov.au/OpenAccess/Modules/Applicationmaster/default.aspx?page=wrapper&key=010.2025.00000104.001
  council_reference: DA - 104.1/2025
  date_received: '2025-04-03'
  description: Subdivision and Construction of 3 x Two-Storey dwellings
  address: 3 Donald ST YENNORA, NSW
  date_scraped: '2025-04-15'
  authority_label: fairfield
- info_url: https://openaccess.fairfieldcity.nsw.gov.au/OpenAccess/Modules/Applicationmaster/default.aspx?page=wrapper&key=010.2025.00000105.001
  council_reference: DA - 105.1/2025
  date_received: '2025-04-04'
  description: Use of premises for a martial arts centre
  address: 9/159 Chifley ST WETHERILL PARK, NSW
  date_scraped: '2025-04-15'
  authority_label: fairfield
- info_url: https://openaccess.fairfieldcity.nsw.gov.au/OpenAccess/Modules/Applicationmaster/default.aspx?page=wrapper&key=010.2025.00000106.001
  council_reference: DA - 106.1/2025
  date_received: '2025-04-07'
  description: Use of premises for stone manufacturing
  address: 14/159 Chifley ST WETHERILL PARK, NSW
  date_scraped: '2025-04-15'
  authority_label: fairfield
- info_url: https://openaccess.fairfieldcity.nsw.gov.au/OpenAccess/Modules/Applicationmaster/default.aspx?page=wrapper&key=010.2025.00000107.001
  council_reference: DA - 107.1/2025
  date_received: '2025-04-07'
  description: Construction of a detached secondary dwelling
  address: 13 Triten AVE GREENFIELD PARK, NSW
  date_scraped: '2025-04-15'
  authority_label: fairfield
- info_url: https://openaccess.fairfieldcity.nsw.gov.au/OpenAccess/Modules/Applicationmaster/default.aspx?page=wrapper&key=010.2025.00000108.001
  council_reference: DA - 108.1/2025
  date_received: '2025-04-08'
  description: Continued use of industrial unit for a vehicle repair station
  address: 2/26 Durian PL WETHERILL PARK, NSW
  date_scraped: '2025-04-15'
  authority_label: fairfield
- info_url: https://openaccess.fairfieldcity.nsw.gov.au/OpenAccess/Modules/Applicationmaster/default.aspx?page=wrapper&key=010.2025.00000109.001
  council_reference: DA - 109.1/2025
  date_received: '2025-04-08'
  description: Construction of a detached secondary dwelling
  address: 926 The Horsley DR WETHERILL PARK, NSW
  date_scraped: '2025-04-15'
  authority_label: fairfield
- info_url: https://openaccess.fairfieldcity.nsw.gov.au/OpenAccess/Modules/Applicationmaster/default.aspx?page=wrapper&key=010.2025.00000110.001
  council_reference: DA - 110.1/2025
  date_received: '2025-04-08'
  description: Use of an existing secondary dwelling for the purpose of a Skin Care
  address: 27 Atherton ST FAIRFIELD WEST, NSW
  date_scraped: '2025-04-15'
  authority_label: fairfield
- info_url: https://openaccess.fairfieldcity.nsw.gov.au/OpenAccess/Modules/Applicationmaster/default.aspx?page=wrapper&key=010.2025.00000111.001
  council_reference: DA - 111.1/2025
  date_received: '2025-04-09'
  description: Construction of a detached secondary dwelling
  address: 4 Bundarra ST LANSVALE, NSW
  date_scraped: '2025-04-15'
  authority_label: fairfield
- info_url: https://openaccess.fairfieldcity.nsw.gov.au/OpenAccess/Modules/Applicationmaster/default.aspx?page=wrapper&key=010.2025.00000112.001
  council_reference: DA - 112.1/2025
  date_received: '2025-04-09'
  description: Torrens Title Subdivision and Construction of 3 x attached dwellings
  address: 85 Lime ST CABRAMATTA WEST, NSW
  date_scraped: '2025-04-15'
  authority_label: fairfield
- info_url: https://openaccess.fairfieldcity.nsw.gov.au/OpenAccess/Modules/Applicationmaster/default.aspx?page=wrapper&key=010.2025.00000113.001
  council_reference: DA - 113.1/2025
  date_received: '2025-04-10'
  description: Use of an existing secondary dwelling
  address: 23 Eton ST FAIRFIELD, NSW
  date_scraped: '2025-04-15'
  authority_label: fairfield
- info_url: https://openaccess.fairfieldcity.nsw.gov.au/OpenAccess/Modules/Applicationmaster/default.aspx?page=wrapper&key=010.2025.00000114.001
  council_reference: DA - 114.1/2025
  date_received: '2025-04-10'
  description: Construction of  secondary dwelling& attached carport and alfresco
  address: 54 Gilbert ST CABRAMATTA, NSW
  date_scraped: '2025-04-15'
  authority_label: fairfield
- info_url: https://openaccess.fairfieldcity.nsw.gov.au/OpenAccess/Modules/Applicationmaster/default.aspx?page=wrapper&key=010.2025.00000115.001
  council_reference: DA - 115.1/2025
  date_received: '2025-04-11'
  description: Erection of Signage associated with an Approved Childcare Centre
  address: 223-227 Edensor RD EDENSOR PARK, NSW
  date_scraped: '2025-04-15'
  authority_label: fairfield
- info_url: https://openaccess.fairfieldcity.nsw.gov.au/OpenAccess/Modules/Applicationmaster/default.aspx?page=wrapper&key=010.2025.00000116.001
  council_reference: DA - 116.1/2025
  date_received: '2025-04-11'
  description: Construction of a detached secondary dwelling
  address: 91 McBurney RD CABRAMATTA, NSW
  date_scraped: '2025-04-15'
  authority_label: fairfield
- info_url: https://openaccess.fairfieldcity.nsw.gov.au/OpenAccess/Modules/Applicationmaster/default.aspx?page=wrapper&key=010.2025.00000117.001
  council_reference: DA - 117.1/2025
  date_received: '2025-04-14'
  description: Demolition Outbuilding & Construction of a detached Secondary Dwelling
  address: 95 Humphries RD ST JOHNS PARK, NSW
  date_scraped: '2025-04-15'
  authority_label: fairfield
- info_url: https://openaccess.fairfieldcity.nsw.gov.au/OpenAccess/Modules/Applicationmaster/default.aspx?page=wrapper&key=010.2025.00000080.001
  council_reference: DA - 80.1/2025
  date_received: '2025-03-20'
  description: Construction of a Detached Secondary Dwelling
  address: 1 Chaucer ST WETHERILL PARK, NSW
  date_scraped: '2025-04-15'
  authority_label: fairfield
- info_url: https://openaccess.fairfieldcity.nsw.gov.au/OpenAccess/Modules/Applicationmaster/default.aspx?page=wrapper&key=010.2025.00000081.001
  council_reference: DA - 81.1/2025
  date_received: '2025-03-19'
  description: Khmer New Year Celebration on the 18th to 20th of April 2025
  address: 68 Tarlington PDE BONNYRIGG, NSW
  date_scraped: '2025-04-15'
  authority_label: fairfield
- info_url: https://openaccess.fairfieldcity.nsw.gov.au/OpenAccess/Modules/Applicationmaster/default.aspx?page=wrapper&key=010.2025.00000082.001
  council_reference: DA - 82.1/2025
  date_received: '2025-03-20'
  description: Demolition of existing structures and construction of a multi-dwelling
  address: 9 Wray ST FAIRFIELD HEIGHTS, NSW
  date_scraped: '2025-04-15'
  authority_label: fairfield
- info_url: https://openaccess.fairfieldcity.nsw.gov.au/OpenAccess/Modules/Applicationmaster/default.aspx?page=wrapper&key=010.2025.00000083.001
  council_reference: DA - 83.1/2025
  date_received: '2025-03-24'
  description: S138 - Stormwater Connection to Kerb and Gutter
  address: 49 Bold ST CABRAMATTA WEST, NSW
  date_scraped: '2025-04-15'
  authority_label: fairfield
- info_url: https://openaccess.fairfieldcity.nsw.gov.au/OpenAccess/Modules/Applicationmaster/default.aspx?page=wrapper&key=010.2025.00000084.001
  council_reference: DA - 84.1/2025
  date_received: '2025-03-24'
  description: Construction of a Double Storey Dwelling
  address: 8 Adina CL FAIRFIELD WEST, NSW
  date_scraped: '2025-04-15'
  authority_label: fairfield
- info_url: https://openaccess.fairfieldcity.nsw.gov.au/OpenAccess/Modules/Applicationmaster/default.aspx?page=wrapper&key=010.2025.00000085.001
  council_reference: DA - 85.1/2025
  date_received: '2025-03-24'
  description: Demolition of pool,Construction of a Secondary Dwelling
  address: 87 Mimosa RD BOSSLEY PARK, NSW
  date_scraped: '2025-04-15'
  authority_label: fairfield
- info_url: https://openaccess.fairfieldcity.nsw.gov.au/OpenAccess/Modules/Applicationmaster/default.aspx?page=wrapper&key=010.2025.00000086.001
  council_reference: DA - 86.1/2025
  date_received: '2025-03-24'
  description: S138 - Stormwater Connection to Kerb and Gutter
  address: 38 Crown ST FAIRFIELD EAST, NSW
  date_scraped: '2025-04-15'
  authority_label: fairfield
- info_url: https://openaccess.fairfieldcity.nsw.gov.au/OpenAccess/Modules/Applicationmaster/default.aspx?page=wrapper&key=010.2025.00000087.001
  council_reference: DA - 87.1/2025
  date_received: '2025-03-24'
  description: Residential Dwelling.Housing of nuns
  address: 98-102 Horsley RD HORSLEY PARK, NSW
  date_scraped: '2025-04-15'
  authority_label: fairfield
- info_url: https://openaccess.fairfieldcity.nsw.gov.au/OpenAccess/Modules/Applicationmaster/default.aspx?page=wrapper&key=010.2025.00000088.001
  council_reference: DA - 88.1/2025
  date_received: '2025-03-24'
  description: Construction of a Secondary dwelling  and retaining wall
  address: 2 Chaffey PL BONNYRIGG HEIGHTS, NSW
  date_scraped: '2025-04-15'
  authority_label: fairfield
- info_url: https://openaccess.fairfieldcity.nsw.gov.au/OpenAccess/Modules/Applicationmaster/default.aspx?page=wrapper&key=010.2025.00000089.001
  council_reference: DA - 89.1/2025
  date_received: '2025-03-25'
  description: Demolition of shed, Construction of a detached secondary dwelling
  address: 9 Mammone CL EDENSOR PARK, NSW
  date_scraped: '2025-04-15'
  authority_label: fairfield
- info_url: https://openaccess.fairfieldcity.nsw.gov.au/OpenAccess/Modules/Applicationmaster/default.aspx?page=wrapper&key=010.2025.00000090.001
  council_reference: DA - 90.1/2025
  date_received: '2025-03-25'
  description: Alteration&addition,Construction of detached secondary dwelling
  address: 2 Gladstone ST CANLEY HEIGHTS, NSW
  date_scraped: '2025-04-15'
  authority_label: fairfield
- info_url: https://openaccess.fairfieldcity.nsw.gov.au/OpenAccess/Modules/Applicationmaster/default.aspx?page=wrapper&key=010.2025.00000091.001
  council_reference: DA - 91.1/2025
  date_received: '2025-03-25'
  description: S138 - Stormwater Connection to Kerb and Gutter
  address: 3 Warwick AVE CABRAMATTA, NSW
  date_scraped: '2025-04-15'
  authority_label: fairfield
- info_url: https://openaccess.fairfieldcity.nsw.gov.au/OpenAccess/Modules/Applicationmaster/default.aspx?page=wrapper&key=010.2025.00000092.001
  council_reference: DA - 92.1/2025
  date_received: '2025-03-26'
  description: Demolition and Construction of a detached secondary dwelling
  address: 17 Caulfield CRES ST JOHNS PARK, NSW
  date_scraped: '2025-04-15'
  authority_label: fairfield
- info_url: https://openaccess.fairfieldcity.nsw.gov.au/OpenAccess/Modules/Applicationmaster/default.aspx?page=wrapper&key=010.2025.00000093.001
  council_reference: DA - 93.1/2025
  date_received: '2025-03-28'
  description: Construction of a detached dual occupancy
  address: 105 Tangerine ST FAIRFIELD EAST, NSW
  date_scraped: '2025-04-15'
  authority_label: fairfield
- info_url: https://openaccess.fairfieldcity.nsw.gov.au/OpenAccess/Modules/Applicationmaster/default.aspx?page=wrapper&key=010.2025.00000094.001
  council_reference: DA - 94.1/2025
  date_received: '2025-03-28'
  description: Demolition of garage and Construction of Secondary Dwelling
  address: 163 Mimosa RD BOSSLEY PARK, NSW
  date_scraped: '2025-04-15'
  authority_label: fairfield
- info_url: https://openaccess.fairfieldcity.nsw.gov.au/OpenAccess/Modules/Applicationmaster/default.aspx?page=wrapper&key=010.2025.00000095.001
  council_reference: DA - 95.1/2025
  date_received: '2025-03-31'
  description: Construction of a detached secondary dwelling
  address: 99 Brown RD BONNYRIGG, NSW
  date_scraped: '2025-04-15'
  authority_label: fairfield
- info_url: https://openaccess.fairfieldcity.nsw.gov.au/OpenAccess/Modules/Applicationmaster/default.aspx?page=wrapper&key=010.2025.00000096.001
  council_reference: DA - 96.1/2025
  date_received: '2025-04-01'
  description: Alterations and additions to an existing dwelling house for the purpos
  address: 5 Etna PL BOSSLEY PARK, NSW
  date_scraped: '2025-04-15'
  authority_label: fairfield
- info_url: https://openaccess.fairfieldcity.nsw.gov.au/OpenAccess/Modules/Applicationmaster/default.aspx?page=wrapper&key=010.2025.00000097.001
  council_reference: DA - 97.1/2025
  date_received: '2025-04-01'
  description: Continued use of existing industrial premises (Unit 1) for the purpose
  address: 1/1285 The Horsley DR WETHERILL PARK, NSW
  date_scraped: '2025-04-15'
  authority_label: fairfield
- info_url: https://openaccess.fairfieldcity.nsw.gov.au/OpenAccess/Modules/Applicationmaster/default.aspx?page=wrapper&key=010.2025.00000098.001
  council_reference: DA - 98.1/2025
  date_received: '2025-04-02'
  description: Strata Subdivision of an Approved Development to Create Six (6) Strata
  address: 3/20 Rose AVE MOUNT PRITCHARD, NSW
  date_scraped: '2025-04-15'
  authority_label: fairfield
- info_url: https://openaccess.fairfieldcity.nsw.gov.au/OpenAccess/Modules/Applicationmaster/default.aspx?page=wrapper&key=010.2025.00000099.001
  council_reference: DA - 99.1/2025
  date_received: '2025-04-02'
  description: Alterations and additions to Unit 9 of a  2 storey shop top housing
    de
  address: 9/197 Sandal CRES CARRAMAR, NSW
  date_scraped: '2025-04-15'
  authority_label: fairfield
