---
- council_reference: 10.2024.112.1
  address: 28 Spurfield Rd, Mcleans Ridges NSW 2480
  description: DA24/112 - 28 Spurfield Road McLeans Ridges - Dwelling Dual Occ
  info_url: https://tracker.lismore.nsw.gov.au/Application/ApplicationDetails/010.2024.00000112.001
  date_scraped: '2025-04-15'
  date_received: '2025-04-07'
  authority_label: lismore
- council_reference: 10.2024.189.1
  address: 111 Phyllis St, South Lismore NSW 2480
  description: CC - 111 & 113 Phyllis and 120 Casino Street - STAGE 1 DA24/189
  info_url: https://tracker.lismore.nsw.gov.au/Application/ApplicationDetails/010.2024.00000189.001
  date_scraped: '2025-04-15'
  date_received: '2025-04-03'
  authority_label: lismore
- council_reference: 10.2024.204.2
  address: 589 Ballina Rd, Goonellabah NSW 2480
  description: CC - 589B Ballina Road - Stage 2 Resited dwelling and alterations
  info_url: https://tracker.lismore.nsw.gov.au/Application/ApplicationDetails/010.2024.00000204.002
  date_scraped: '2025-04-15'
  date_received: '2025-04-08'
  authority_label: lismore
- council_reference: 10.2024.207.1
  address: 55 Federation Dr, Eltham NSW 2480
  description: CC - 55 Federation Drive Eltham - Dwelling alterations and additions
  info_url: https://tracker.lismore.nsw.gov.au/Application/ApplicationDetails/010.2024.00000207.001
  date_scraped: '2025-04-15'
  date_received: '2025-03-28'
  authority_label: lismore
- council_reference: 10.2024.294.1
  address: 4 Stewarts Way, Nimbin NSW 2480
  description: CC - 4 Stewarts Way, Nimbin - Relocated dwelling to create detached
    du
  info_url: https://tracker.lismore.nsw.gov.au/Application/ApplicationDetails/010.2024.00000294.001
  date_scraped: '2025-04-15'
  date_received: '2025-04-09'
  authority_label: lismore
- council_reference: 10.2025.2.1
  address: 37 Wyrallah Rd, Girards Hill NSW 2480
  description: CC - 37 Wyrallah Road Girards Hill - Raise dwelling
  info_url: https://tracker.lismore.nsw.gov.au/Application/ApplicationDetails/010.2025.00000002.001
  date_scraped: '2025-04-15'
  date_received: '2025-03-25'
  authority_label: lismore
- council_reference: 10.2025.22.1
  address: 37 Greenhills Dr, Goonellabah NSW 2480
  description: CC - 37 Greenhills Drive Goonellabah - Dwelling addition
  info_url: https://tracker.lismore.nsw.gov.au/Application/ApplicationDetails/010.2025.00000022.001
  date_scraped: '2025-04-15'
  date_received: '2025-04-03'
  authority_label: lismore
- council_reference: 10.2025.32.1
  address: 109 Invercauld Rd, Goonellabah NSW 2480
  description: Carport with a building line variation to 1.356m to Invercauld Road
  info_url: https://tracker.lismore.nsw.gov.au/Application/ApplicationDetails/010.2025.00000032.001
  date_scraped: '2025-04-15'
  date_received: '2025-03-19'
  authority_label: lismore
- council_reference: 10.2025.39.1
  address: 374 Caniaba Rd, Caniaba NSW 2480
  description: CC - 374 Caniaba Road, Caniaba - Awning
  info_url: https://tracker.lismore.nsw.gov.au/Application/ApplicationDetails/010.2025.00000039.001
  date_scraped: '2025-04-15'
  date_received: '2025-04-11'
  authority_label: lismore
- council_reference: 13.2022.88.1
  address: 7 Atlas St, East Lismore NSW 2480
  description: SC - 7 Atlas Street, East Lismore - Dwelling to create dual occ
  info_url: https://tracker.lismore.nsw.gov.au/Application/ApplicationDetails/013.2022.00000088.001
  date_scraped: '2025-04-15'
  date_received: '2025-03-24'
  authority_label: lismore
- council_reference: 13.2023.179.2
  address: 730 Dunoon Rd, Tullera NSW 2480
  description: SC - 730 & 732 Dunoon Road, Tullera - Subdivision
  info_url: https://tracker.lismore.nsw.gov.au/Application/ApplicationDetails/013.2023.00000179.002
  date_scraped: '2025-04-15'
  date_received: '2025-03-24'
  authority_label: lismore
- council_reference: 13.2024.240.1
  address: 23 Alternative Way, Nimbin NSW 2480
  description: DA24/240 - 23 Alternative Way, Nimbin - Subdivision Certificate
  info_url: https://tracker.lismore.nsw.gov.au/Application/ApplicationDetails/013.2024.00000240.001
  date_scraped: '2025-04-15'
  date_received: '2025-03-17'
  authority_label: lismore
- council_reference: 13.2024.298.1
  address: 20 Phillip St, Goonellabah NSW 2480
  description: SC - 3 Hayes Street & 20 Phillip Street, Goonellabah - Subdivisi
  info_url: https://tracker.lismore.nsw.gov.au/Application/ApplicationDetails/013.2024.00000298.001
  date_scraped: '2025-04-15'
  date_received: '2025-03-28'
  authority_label: lismore
- council_reference: 13.2024.99.1
  address: 11 Airforce Rd, East Lismore NSW 2480
  description: SC - 11, 13, 15 & 19 Airforce Road East Lismore - Subdivision
  info_url: https://tracker.lismore.nsw.gov.au/Application/ApplicationDetails/013.2024.00000099.001
  date_scraped: '2025-04-15'
  date_received: '2025-04-07'
  authority_label: lismore
- council_reference: 5.2020.385.2
  address: 2 Roseview Rd, Mcleans Ridges NSW 2480
  description: DA20/385-2 - 2 Roseview Road, McLeans Ridges - S4.55(1A)
  info_url: https://tracker.lismore.nsw.gov.au/Application/ApplicationDetails/005.2020.00000385.002
  date_scraped: '2025-04-15'
  date_received: '2025-03-24'
  authority_label: lismore
- council_reference: 5.2022.331.3
  address: 87 Pineapple Rd, Goonellabah NSW 2480
  description: DA22/331-3 - 87 Pineapple Road, Goonellabah - S4.55(1A)
  info_url: https://tracker.lismore.nsw.gov.au/Application/ApplicationDetails/005.2022.00000331.003
  date_scraped: '2025-04-15'
  date_received: '2025-03-24'
  authority_label: lismore
- council_reference: 5.2023.291.2
  address: 324 Gordon Rd, Koonorigan NSW 2480
  description: DA23/291-2 - 324 Koonorigan Road, Koonorigan - S4.55(1A)
  info_url: https://tracker.lismore.nsw.gov.au/Application/ApplicationDetails/005.2023.00000291.002
  date_scraped: '2025-04-15'
  date_received: '2025-04-03'
  authority_label: lismore
- council_reference: 5.2024.117.2
  address: 591 Ballina Rd, Goonellabah NSW 2480
  description: DA24/117-2 - 591 Ballina Road, Goonellabah - S4.55(1)
  info_url: https://tracker.lismore.nsw.gov.au/Application/ApplicationDetails/005.2024.00000117.002
  date_scraped: '2025-04-15'
  date_received: '2025-03-27'
  authority_label: lismore
- council_reference: 5.2024.288.2
  address: 300 Dunoon Rd, North Lismore NSW 2480
  description: DA24/288-2 - 300 Dunoon Road, North Lismore - S4.55(1A)
  info_url: https://tracker.lismore.nsw.gov.au/Application/ApplicationDetails/005.2024.00000288.002
  date_scraped: '2025-04-15'
  date_received: '2025-03-19'
  authority_label: lismore
- council_reference: 5.2024.326.2
  address: 16 Cochran Pl, Lismore NSW 2480
  description: DA24/326-2 - 16 Cochran Place Lismore - S4.55(1)
  info_url: https://tracker.lismore.nsw.gov.au/Application/ApplicationDetails/005.2024.00000326.002
  date_scraped: '2025-04-15'
  date_received: '2025-04-09'
  authority_label: lismore
- council_reference: 5.2025.30.1
  address: 91 Magellan St, Lismore NSW 2480
  description: DA25/30 - 91 Magellan Street, Lismore - Change of use of part of a
    ret
  info_url: https://tracker.lismore.nsw.gov.au/Application/ApplicationDetails/005.2025.00000030.001
  date_scraped: '2025-04-15'
  date_received: '2025-03-19'
  authority_label: lismore
- council_reference: 5.2025.38.1
  address: 133 Keen St, Lismore NSW 2480
  description: DA25/38 - 133 135 Keen Street Lismore - Cafe
  info_url: https://tracker.lismore.nsw.gov.au/Application/ApplicationDetails/005.2025.00000038.001
  date_scraped: '2025-04-15'
  date_received: '2025-04-03'
  authority_label: lismore
- council_reference: 5.2025.39.1
  address: 374 Caniaba Rd, Caniaba NSW 2480
  description: DA25/39 - 374 Caniaba Road Caniaba - Awning
  info_url: https://tracker.lismore.nsw.gov.au/Application/ApplicationDetails/005.2025.00000039.001
  date_scraped: '2025-04-15'
  date_received: '2025-03-17'
  authority_label: lismore
- council_reference: 5.2025.40.1
  address: 1014 Kyogle Rd, Fernside NSW 2480
  description: DA25/40 - 1014 Kyogle Rd Fernside - Farm Production Brewery, Cafe and
  info_url: https://tracker.lismore.nsw.gov.au/Application/ApplicationDetails/005.2025.00000040.001
  date_scraped: '2025-04-15'
  date_received: '2025-03-24'
  authority_label: lismore
- council_reference: 5.2025.42.1
  address: 91 Woodlark St, Lismore NSW 2480
  description: DA25/42 - 73 Keen Street, Lismore - Change of use of part of a buildin
  info_url: https://tracker.lismore.nsw.gov.au/Application/ApplicationDetails/005.2025.00000042.001
  date_scraped: '2025-04-15'
  date_received: '2025-03-26'
  authority_label: lismore
- council_reference: 5.2025.43.1
  address: 337A Nimbin Rd, Booerie Creek NSW 2480
  description: DA25/43 - 337A & 337B Nimbin Road, Booerie Creek - Subdivision
  info_url: https://tracker.lismore.nsw.gov.au/Application/ApplicationDetails/005.2025.00000043.001
  date_scraped: '2025-04-15'
  date_received: '2025-03-17'
  authority_label: lismore
- council_reference: 5.2025.44.1
  address: 262 Keerrong Rd, Blakebrook NSW 2480
  description: DA25/44 - 262 Keerrong Road, Keerrong - Re-sited dwelling det dual
    occ
  info_url: https://tracker.lismore.nsw.gov.au/Application/ApplicationDetails/005.2025.00000044.001
  date_scraped: '2025-04-15'
  date_received: '2025-03-17'
  authority_label: lismore
- council_reference: 5.2025.48.1
  address: 29 William Blair Ave, Goonellabah NSW 2480
  description: DA25/48 - 29 William Blair Avenue, Goonellabah - Dwelling addition
  info_url: https://tracker.lismore.nsw.gov.au/Application/ApplicationDetails/005.2025.00000048.001
  date_scraped: '2025-04-15'
  date_received: '2025-03-19'
  authority_label: lismore
- council_reference: 5.2025.50.1
  address: 51 O'Flynn St, Lismore Heights NSW 2480
  description: DA25/50 - 51 O'Flynn Street, Lismore Heights - Carport
  info_url: https://tracker.lismore.nsw.gov.au/Application/ApplicationDetails/005.2025.00000050.001
  date_scraped: '2025-04-15'
  date_received: '2025-03-24'
  authority_label: lismore
- council_reference: 5.2025.51.1
  address: 38 Sawyers Ave, Goonellabah NSW 2480
  description: DA25/51 - 38 Sawyers Avenue, Goonellabah - Retaining wall
  info_url: https://tracker.lismore.nsw.gov.au/Application/ApplicationDetails/005.2025.00000051.001
  date_scraped: '2025-04-15'
  date_received: '2025-03-20'
  authority_label: lismore
- council_reference: 5.2025.52.1
  address: 18 Deloraine Rd, Lismore Heights NSW 2480
  description: DA25/52 - 18 Deloraine Road, Lismore Heights - Pool, workshop with
    alf
  info_url: https://tracker.lismore.nsw.gov.au/Application/ApplicationDetails/005.2025.00000052.001
  date_scraped: '2025-04-15'
  date_received: '2025-03-27'
  authority_label: lismore
- council_reference: 5.2025.53.1
  address: 14 Roseview Rd, Mcleans Ridges NSW 2480
  description: DA25/53 - 14 Roseview Road, McLeans Ridges - Change of use dual occ
  info_url: https://tracker.lismore.nsw.gov.au/Application/ApplicationDetails/005.2025.00000053.001
  date_scraped: '2025-04-15'
  date_received: '2025-03-24'
  authority_label: lismore
- council_reference: 5.2025.54.1
  address: 15 Hillside Dr, Nimbin NSW 2480
  description: DA25/54 - 15 Hillside Drive, Nimbin - Re-sited dwelling with alts &
    ad
  info_url: https://tracker.lismore.nsw.gov.au/Application/ApplicationDetails/005.2025.00000054.001
  date_scraped: '2025-04-15'
  date_received: '2025-03-20'
  authority_label: lismore
- council_reference: 5.2025.56.1
  address: 304 Dunoon Rd, North Lismore NSW 2480
  description: DA25/56 - 304 Dunoon Road, North Lismore - Dwelling addition
  info_url: https://tracker.lismore.nsw.gov.au/Application/ApplicationDetails/005.2025.00000056.001
  date_scraped: '2025-04-15'
  date_received: '2025-03-25'
  authority_label: lismore
- council_reference: 5.2025.57.1
  address: 379A Richmond Hill Rd, Richmond Hill NSW 2480
  description: DA25/57 - 379A & 407 Richmond Hill Road, Richmond Hill - Subdivision
  info_url: https://tracker.lismore.nsw.gov.au/Application/ApplicationDetails/005.2025.00000057.001
  date_scraped: '2025-04-15'
  date_received: '2025-04-03'
  authority_label: lismore
- council_reference: 5.2025.58.1
  address: 26 Spurfield Rd, Mcleans Ridges NSW 2480
  description: DA25/58 - 26 Spurfield Road, McLeans Ridges - Detached dual occ
  info_url: https://tracker.lismore.nsw.gov.au/Application/ApplicationDetails/005.2025.00000058.001
  date_scraped: '2025-04-15'
  date_received: '2025-03-26'
  authority_label: lismore
- council_reference: 5.2025.59.1
  address: 3 Pinecrest Dr, Goonellabah NSW 2480
  description: DA25/59 - 3 Pinecrest Drive, Goonellabah - Extension to shed & new
    she
  info_url: https://tracker.lismore.nsw.gov.au/Application/ApplicationDetails/005.2025.00000059.001
  date_scraped: '2025-04-15'
  date_received: '2025-04-01'
  authority_label: lismore
- council_reference: 5.2025.60.1
  address: 86 Casino St, South Lismore NSW 2480
  description: DA25/60 - 86 Casino Street -Covered first floor deck
  info_url: https://tracker.lismore.nsw.gov.au/Application/ApplicationDetails/005.2025.00000060.001
  date_scraped: '2025-04-15'
  date_received: '2025-04-09'
  authority_label: lismore
- council_reference: 5.2025.61.1
  address: 174 Pelican Creek Rd, South Gundurimba NSW 2480
  description: DA25/61 - 174 Pelican Creek Road, South Gundurimba - Shed
  info_url: https://tracker.lismore.nsw.gov.au/Application/ApplicationDetails/005.2025.00000061.001
  date_scraped: '2025-04-15'
  date_received: '2025-04-03'
  authority_label: lismore
- council_reference: 5.2025.62.1
  address: 131 Laurel Ave, Lismore NSW 2480
  description: DA25/62 - 131 Laurel Avenue, Lismore - Raise existing dwelling
  info_url: https://tracker.lismore.nsw.gov.au/Application/ApplicationDetails/005.2025.00000062.001
  date_scraped: '2025-04-15'
  date_received: '2025-04-10'
  authority_label: lismore
- council_reference: 5.2025.63.1
  address: 16 Sapphire Ct, Lismore Heights NSW 2480
  description: DA25/63 - 16 Sapphire Court, Lismore Heights - Carport with blv
  info_url: https://tracker.lismore.nsw.gov.au/Application/ApplicationDetails/005.2025.00000063.001
  date_scraped: '2025-04-15'
  date_received: '2025-04-11'
  authority_label: lismore
- council_reference: 5.2025.64.1
  address: 1545 Bangalow Rd, Clunes NSW 2480
  description: DA25/64 - 1545 Bangalow Road, Clunes - Use of relocated dwelling
  info_url: https://tracker.lismore.nsw.gov.au/Application/ApplicationDetails/005.2025.00000064.001
  date_scraped: '2025-04-15'
  date_received: '2025-04-09'
  authority_label: lismore
- council_reference: 5.2025.65.1
  address: 43 Funnell Dr, Modanville NSW 2480
  description: DA25/65 - 43 Funnell Drive, Modanville - Relocated dwelling dual occ
  info_url: https://tracker.lismore.nsw.gov.au/Application/ApplicationDetails/005.2025.00000065.001
  date_scraped: '2025-04-15'
  date_received: '2025-04-10'
  authority_label: lismore
- council_reference: 5.2025.67.1
  address: 910 Kyogle Rd, Fernside NSW 2480
  description: DA25/67 - 910 & 940 Kyogle Road, Fernside - Subdivision (boundary alte
  info_url: https://tracker.lismore.nsw.gov.au/Application/ApplicationDetails/005.2025.00000067.001
  date_scraped: '2025-04-15'
  date_received: '2025-04-15'
  authority_label: lismore
- council_reference: 5.2025.68.1
  address: 325 Bangalow Rd, Howards Grass NSW 2480
  description: DA25/68 - 325 Bangalow Road, Howards Grass - Subdivision
  info_url: https://tracker.lismore.nsw.gov.au/Application/ApplicationDetails/005.2025.00000068.001
  date_scraped: '2025-04-15'
  date_received: '2025-04-15'
  authority_label: lismore
- council_reference: 5.2025.70.1
  address: 144 Fredericks Rd, Caniaba NSW 2480
  description: DA25/70 - 144 Fredericks Rd Caniaba - Dwelling adds, pool and gazebo
  info_url: https://tracker.lismore.nsw.gov.au/Application/ApplicationDetails/005.2025.00000070.001
  date_scraped: '2025-04-15'
  date_received: '2025-04-14'
  authority_label: lismore
- council_reference: 5.2025.71.1
  address: 7 Georgi Pl, Nimbin NSW 2480
  description: DA25/71 - 7 Georgi Place Nimbin - Dwelling, shed and carport
  info_url: https://tracker.lismore.nsw.gov.au/Application/ApplicationDetails/005.2025.00000071.001
  date_scraped: '2025-04-15'
  date_received: '2025-04-15'
  authority_label: lismore
- council_reference: 8.2025.14.1
  address: 7 Holland St, Goonellabah NSW 2480
  description: CDA25/14 - 7 Holland Street Goonellabah - Alterations
  info_url: https://tracker.lismore.nsw.gov.au/Application/ApplicationDetails/008.2025.00000014.001
  date_scraped: '2025-04-15'
  date_received: '2025-03-18'
  authority_label: lismore
- council_reference: 8.2025.16.1
  address: 2 Cochran St, Lismore NSW 2480
  description: level bathroom
  info_url: https://tracker.lismore.nsw.gov.au/Application/ApplicationDetails/008.2025.00000016.001
  date_scraped: '2025-04-15'
  date_received: '2025-03-31'
  authority_label: lismore
- council_reference: 8.2025.17.1
  address: 1 Bounty St, Lismore NSW 2480
  description: rectify extensive flood damage
  info_url: https://tracker.lismore.nsw.gov.au/Application/ApplicationDetails/008.2025.00000017.001
  date_scraped: '2025-04-15'
  date_received: '2025-04-02'
  authority_label: lismore
- council_reference: 8.2025.20.1
  address: 56 Mahogany Pde, Goonellabah NSW 2480
  description: Complying Development
  info_url: https://tracker.lismore.nsw.gov.au/Application/ApplicationDetails/008.2025.00000020.001
  date_scraped: '2025-04-15'
  date_received: '2025-03-24'
  authority_label: lismore
- council_reference: 8.2025.21.1
  address: 14 Hidden Valley Cct, Chilcotts Grass NSW 2480
  description: Complying Development
  info_url: https://tracker.lismore.nsw.gov.au/Application/ApplicationDetails/008.2025.00000021.001
  date_scraped: '2025-04-15'
  date_received: '2025-03-31'
  authority_label: lismore
- council_reference: 8.2025.22.1
  address: 14 Hidden Valley Cct, Chilcotts Grass NSW 2480
  description: Complying Development
  info_url: https://tracker.lismore.nsw.gov.au/Application/ApplicationDetails/008.2025.00000022.001
  date_scraped: '2025-04-15'
  date_received: '2025-03-26'
  authority_label: lismore
- council_reference: 8.2025.24.1
  address: 49 Hidden Valley Cct, Chilcotts Grass NSW 2480
  description: Complying Development
  info_url: https://tracker.lismore.nsw.gov.au/Application/ApplicationDetails/008.2025.00000024.001
  date_scraped: '2025-04-15'
  date_received: '2025-04-08'
  authority_label: lismore
- council_reference: 8.2025.25.1
  address: 27 Hilltop Cl, Goonellabah NSW 2480
  description: Complying Development
  info_url: https://tracker.lismore.nsw.gov.au/Application/ApplicationDetails/008.2025.00000025.001
  date_scraped: '2025-04-15'
  date_received: '2025-04-04'
  authority_label: lismore
