---
- council_reference: 10/2018
  address: 54 Finnegan Cr, Muswellbrook 2333 NSW
  description: Dwelling and Retaining Wall
  info_url: https://datracker.muswellbrook.nsw.gov.au/Application/ApplicationDetails/013.2018.00000010.001
  date_scraped: '2025-04-15'
  date_received: '2019-04-17'
  authority_label: muswellbrook
- council_reference: 10/2019
  address: 19 Mcclintock Dr, Muswellbrook 2333 NSW
  description: Ancillary Development - Carport
  info_url: https://datracker.muswellbrook.nsw.gov.au/Application/ApplicationDetails/013.2019.00000010.001
  date_scraped: '2025-04-15'
  date_received: '2019-05-09'
  authority_label: muswellbrook
- council_reference: 10173/1999
  address: 3 Flanders Ave, Muswellbrook 2333 NSW
  description: Ancillary Development - Carport
  info_url: https://datracker.muswellbrook.nsw.gov.au/Application/ApplicationDetails/003.1999.00010173.001
  date_scraped: '2025-04-15'
  date_received: '2019-05-03'
  authority_label: muswellbrook
- council_reference: 10173/1999/2
  address: 3 Flanders Ave, Muswellbrook 2333 NSW
  description: S4.55 (1A) Modification - Carport
  info_url: https://datracker.muswellbrook.nsw.gov.au/Application/ApplicationDetails/005.1999.00010173.002
  date_scraped: '2025-04-15'
  date_received: '2019-05-03'
  authority_label: muswellbrook
- council_reference: 142/2008/2
  address: 11 Northerly Cl, Muswellbrook 2333 NSW
  description: S96 Application - Relocate position of Awning
  info_url: https://datracker.muswellbrook.nsw.gov.au/Application/ApplicationDetails/013.2008.00000142.002
  date_scraped: '2025-04-15'
  date_received: '2019-05-09'
  authority_label: muswellbrook
- council_reference: 17/2019
  address: Turner St, Denman 2328 NSW
  description: Side Awning to Existing Community Facility (Denman Men's Shed)
  info_url: https://datracker.muswellbrook.nsw.gov.au/Application/ApplicationDetails/003.2019.00000017.001
  date_scraped: '2025-04-15'
  date_received: '2019-04-17'
  authority_label: muswellbrook
- council_reference: 18/2019
  address: 7 Wilson St, Muswellbrook 2333 NSW
  description: New Dwelling and Retaining Walls
  info_url: https://datracker.muswellbrook.nsw.gov.au/Application/ApplicationDetails/003.2019.00000018.001
  date_scraped: '2025-04-15'
  date_received: '2019-04-23'
  authority_label: muswellbrook
- council_reference: 188/2004
  address: 4 Holdsworth Cr, Muswellbrook 2333 NSW
  description: SWIMMING POOL, GARAGE & VERANDAH
  info_url: https://datracker.muswellbrook.nsw.gov.au/Application/ApplicationDetails/013.2004.00000188.001
  date_scraped: '2025-04-15'
  date_received: '2019-04-16'
  authority_label: muswellbrook
- council_reference: 19/2019
  address: 13 Finnegan Cr, Muswellbrook 2333 NSW
  description: Dwelling House
  info_url: https://datracker.muswellbrook.nsw.gov.au/Application/ApplicationDetails/003.2019.00000019.001
  date_scraped: '2025-04-15'
  date_received: '2019-04-18'
  authority_label: muswellbrook
- council_reference: 200/2003
  address: 51 Woodland Ridge Rd, Muscle Creek 2333 NSW
  description: NEW DWELLING
  info_url: https://datracker.muswellbrook.nsw.gov.au/Application/ApplicationDetails/013.2003.00000200.001
  date_scraped: '2025-04-15'
  date_received: '2019-05-09'
  authority_label: muswellbrook
- council_reference: 259/2010/2
  address: 51 Woodland Ridge Rd, Muscle Creek 2333 NSW
  description: AWNING TO EXISTING SHED
  info_url: https://datracker.muswellbrook.nsw.gov.au/Application/ApplicationDetails/013.2010.00000259.002
  date_scraped: '2025-04-15'
  date_received: '2019-05-09'
  authority_label: muswellbrook
- council_reference: 26/2019
  address: 15 Cunningham St, Muswellbrook 2333 NSW
  description: Ancillary Development - Shed
  info_url: https://datracker.muswellbrook.nsw.gov.au/Application/ApplicationDetails/003.2019.00000026.001
  date_scraped: '2025-04-15'
  date_received: '2019-05-03'
  authority_label: muswellbrook
- council_reference: 3/2018
  address: 112 Wollombi Rd, Muswellbrook 2333 NSW
  description: Construction of Single Storey Dwelling
  info_url: https://datracker.muswellbrook.nsw.gov.au/Application/ApplicationDetails/013.2018.00000003.001
  date_scraped: '2025-04-15'
  date_received: '2019-04-16'
  authority_label: muswellbrook
- council_reference: 31/2019
  address: 28 Cousins St, Muswellbrook 2333 NSW
  description: Attached Development - Deck
  info_url: https://datracker.muswellbrook.nsw.gov.au/Application/ApplicationDetails/017.2019.00000031.001
  date_scraped: '2025-04-15'
  date_received: '2019-05-06'
  authority_label: muswellbrook
- council_reference: 34/2019
  address: 53 Palace St, Denman 2328 NSW
  description: Ancillary Development - Garage
  info_url: https://datracker.muswellbrook.nsw.gov.au/Application/ApplicationDetails/005.2019.00000034.001
  date_scraped: '2025-04-15'
  date_received: '2019-04-15'
  authority_label: muswellbrook
- council_reference: 35/2019
  address: 16 Sheppard Ave, Muswellbrook 2333 NSW
  description: Ancillary Structure (Installation of a 45 Square Metre Electronic Big
    Screen)
  info_url: https://datracker.muswellbrook.nsw.gov.au/Application/ApplicationDetails/005.2019.00000035.001
  date_scraped: '2025-04-15'
  date_received: '2019-04-15'
  authority_label: muswellbrook
- council_reference: 36/2019
  address: Sandy Creek Rd, Mccullys Gap 2333 NSW
  description: Installation of a 120m Tall Wind Monitoring Mast
  info_url: https://datracker.muswellbrook.nsw.gov.au/Application/ApplicationDetails/005.2019.00000036.001
  date_scraped: '2025-04-15'
  date_received: '2019-04-16'
  authority_label: muswellbrook
- council_reference: 37/2019
  address: New England Hwy, Muswellbrook 2333 NSW
  description: Construction of Pipes and Pump Infrastructure to Return Seepage Water
    from Lake Liddell Dam Wall to Lake Liddell
  info_url: https://datracker.muswellbrook.nsw.gov.au/Application/ApplicationDetails/005.2019.00000037.001
  date_scraped: '2025-04-15'
  date_received: '2019-04-16'
  authority_label: muswellbrook
- council_reference: 38/2019
  address: 43-45 Enterprise Cr, Muswellbrook 2333 NSW
  description: Site Preparation Works and Installation (Storage) of Asphalt Plant
    (no production proposed)
  info_url: https://datracker.muswellbrook.nsw.gov.au/Application/ApplicationDetails/005.2019.00000038.001
  date_scraped: '2025-04-15'
  date_received: '2019-04-18'
  authority_label: muswellbrook
- council_reference: 39/2019
  address: 207 Kayuga Rd, Muswellbrook 2333 NSW
  description: Boundary Adjustment
  info_url: https://datracker.muswellbrook.nsw.gov.au/Application/ApplicationDetails/005.2019.00000039.001
  date_scraped: '2025-04-15'
  date_received: '2019-05-01'
  authority_label: muswellbrook
- council_reference: 40/2019
  address: 13B Grey Gum Rd, Denman 2328 NSW
  description: Dwelling House
  info_url: https://datracker.muswellbrook.nsw.gov.au/Application/ApplicationDetails/005.2019.00000040.001
  date_scraped: '2025-04-15'
  date_received: '2019-05-01'
  authority_label: muswellbrook
- council_reference: 41/2019
  address: Castlerock Rd, Muswellbrook 2333 NSW
  description: Subdivision - Nine (9) Lots into Six (6) Lots
  info_url: https://datracker.muswellbrook.nsw.gov.au/Application/ApplicationDetails/005.2019.00000041.001
  date_scraped: '2025-04-15'
  date_received: '2019-05-09'
  authority_label: muswellbrook
- council_reference: 43/2018
  address: 20A Grey Gum Rd, Denman 2328 NSW
  description: S4.55(1) Modification - New Dwelling
  info_url: https://datracker.muswellbrook.nsw.gov.au/Application/ApplicationDetails/003.2018.00000043.001
  date_scraped: '2025-04-15'
  date_received: '2019-04-15'
  authority_label: muswellbrook
- council_reference: 69/2018
  address: 2 Jillaroo Wy, Muswellbrook 2333 NSW
  description: Ancillary Structure - Shed
  info_url: https://datracker.muswellbrook.nsw.gov.au/Application/ApplicationDetails/003.2018.00000069.001
  date_scraped: '2025-04-15'
  date_received: '2019-04-26'
  authority_label: muswellbrook
- council_reference: 91/2018
  address: 11 Northerly Cl, Muswellbrook 2333 NSW
  description: Ancillary Development - Retaining Wall
  info_url: https://datracker.muswellbrook.nsw.gov.au/Application/ApplicationDetails/013.2018.00000091.001
  date_scraped: '2025-04-15'
  date_received: '2019-05-09'
  authority_label: muswellbrook
