---
- council_reference: 10.2014.144.2
  address: 50 Albyn Rd, Strathfield 2135 NSW
  description: To delete the first floor level and amend the window schedule to the
    e xisting dwelling.
  info_url: https://datracker.strathfield.nsw.gov.au/Application/ApplicationDetails/010.2014.00000144.002
  date_scraped: '2025-04-15'
  date_received: '2019-04-26'
  authority_label: strathfield
- council_reference: 10.2014.26.5
  address: 208-210 Parramatta Rd, Homebush 2140 NSW
  description: s4.55(1A) Modification application to amend condition 64(a) relating
    t o tree planting.
  info_url: https://datracker.strathfield.nsw.gov.au/Application/ApplicationDetails/010.2014.00000026.005
  date_scraped: '2025-04-15'
  date_received: '2019-05-14'
  authority_label: strathfield
- council_reference: 10.2017.30.2
  address: 170/81-86 Courallie Ave, Homebush West 2140 NSW
  description: S8.2 review of Section 4.55(2) modification to increase the number
    of children from 60 to 89 and extend the outdoor play area at an existing child
    care cen tre.
  info_url: https://datracker.strathfield.nsw.gov.au/Application/ApplicationDetails/010.2017.00000030.002
  date_scraped: '2025-04-15'
  date_received: '2019-04-17'
  authority_label: strathfield
- council_reference: 10.2018.107.2
  address: 106 Redmyre Rd, Strathfield 2135 NSW
  description: Modification involving amendments to the approved two-storey dwelling
    house with basement garage.
  info_url: https://datracker.strathfield.nsw.gov.au/Application/ApplicationDetails/010.2018.00000107.002
  date_scraped: '2025-04-15'
  date_received: '2019-05-03'
  authority_label: strathfield
- council_reference: 10.2018.11.2
  address: 11 Marion St, Strathfield 2135 NSW
  description: Modification involving the reconstrution of the garage where the origi
    nal approval involved alterations and additions to the existing garage .
  info_url: https://datracker.strathfield.nsw.gov.au/Application/ApplicationDetails/010.2018.00000011.002
  date_scraped: '2025-04-15'
  date_received: '2019-05-01'
  authority_label: strathfield
- council_reference: 10.2019.55.1
  address: 5 Newton Rd, Strathfield 2135 NSW
  description: Construction of a partly elevated swimming pool and associated landsca
    ping works.
  info_url: https://datracker.strathfield.nsw.gov.au/Application/ApplicationDetails/010.2019.00000055.001
  date_scraped: '2025-04-15'
  date_received: '2019-04-15'
  authority_label: strathfield
- council_reference: 10.2019.56.1
  address: 14 Cross St, Strathfield 2135 NSW
  description: Removal of one tree from the front yard only.
  info_url: https://datracker.strathfield.nsw.gov.au/Application/ApplicationDetails/010.2019.00000056.001
  date_scraped: '2025-04-15'
  date_received: '2019-04-15'
  authority_label: strathfield
- council_reference: 10.2019.58.1
  address: 32 Birnam Gr, Strathfield 2135 NSW
  description: Removal of a tree
  info_url: https://datracker.strathfield.nsw.gov.au/Application/ApplicationDetails/010.2019.00000058.001
  date_scraped: '2025-04-15'
  date_received: '2019-04-18'
  authority_label: strathfield
- council_reference: 10.2019.59.1
  address: 2 Malvern Cres, Strathfield 2135 NSW
  description: Alterations and Additions to existing heritage listed dwelling house
    and construction of a garage.
  info_url: https://datracker.strathfield.nsw.gov.au/Application/ApplicationDetails/010.2019.00000059.001
  date_scraped: '2025-04-15'
  date_received: '2019-04-23'
  authority_label: strathfield
- council_reference: 10.2019.60.1
  address: 100 Wallis Ave, Strathfield 2135 NSW
  description: Removal of one tree from the rear yard.
  info_url: https://datracker.strathfield.nsw.gov.au/Application/ApplicationDetails/010.2019.00000060.001
  date_scraped: '2025-04-15'
  date_received: '2019-04-26'
  authority_label: strathfield
- council_reference: 10.2019.61.1
  address: 37 The Boulevarde, Strathfield 2135 NSW
  description: Formalisation of an existing permissible use, being a business premise
    s (Hairdresser including skin penetration premises - Mirrors Luxury Sa lon - Level
    1).
  info_url: https://datracker.strathfield.nsw.gov.au/Application/ApplicationDetails/010.2019.00000061.001
  date_scraped: '2025-04-15'
  date_received: '2019-04-26'
  authority_label: strathfield
- council_reference: 10.2019.62.1
  address: 10 Cameron St, Strathfield 2135 NSW
  description: Construction of a two (2) storey dwelling.
  info_url: https://datracker.strathfield.nsw.gov.au/Application/ApplicationDetails/010.2019.00000062.001
  date_scraped: '2025-04-15'
  date_received: '2019-04-30'
  authority_label: strathfield
- council_reference: 10.2019.63.1
  address: 31 The Causeway, Strathfield South 2136 NSW
  description: Construction of a front fence and associated landscaping.
  info_url: https://datracker.strathfield.nsw.gov.au/Application/ApplicationDetails/010.2019.00000063.001
  date_scraped: '2025-04-15'
  date_received: '2019-04-30'
  authority_label: strathfield
- council_reference: 10.2019.64.1
  address: 12 Therry St, Strathfield South 2136 NSW
  description: Demolition of existing structures and construction of a pair of semi-detached
    dwellings and boundary adjustment.
  info_url: https://datracker.strathfield.nsw.gov.au/Application/ApplicationDetails/010.2019.00000064.001
  date_scraped: '2025-04-15'
  date_received: '2019-05-02'
  authority_label: strathfield
- council_reference: 10.2019.65.1
  address: 68 Arthur St, Strathfield 2135 NSW
  description: Demolition of existing structures and construction of a two storey
    (2) dwelling with basement level, swimming pool, boundary fencing to dual street
    frontages, associated landscaping and detached secondary dwelling
  info_url: https://datracker.strathfield.nsw.gov.au/Application/ApplicationDetails/010.2019.00000065.001
  date_scraped: '2025-04-15'
  date_received: '2019-05-03'
  authority_label: strathfield
- council_reference: 10.2019.66.1
  address: 37 Fraser St, Strathfield 2135 NSW
  description: Demolition of existing dwelling and construction of a two (2) storey
    dwelling, cabana and associated landscaping works
  info_url: https://datracker.strathfield.nsw.gov.au/Application/ApplicationDetails/010.2019.00000066.001
  date_scraped: '2025-04-15'
  date_received: '2019-05-06'
  authority_label: strathfield
- council_reference: 11.2015.117.3
  address: 81-86 Courallie Ave, Homebush West 2140 NSW
  description: Construction of a residential apartemnt building containing 33 units,
    a community space/art gallery and 3 commerical tenancies and A grade c ar parking.
  info_url: https://datracker.strathfield.nsw.gov.au/Application/ApplicationDetails/011.2015.00000117.003
  date_scraped: '2025-04-15'
  date_received: '2019-04-24'
  authority_label: strathfield
- council_reference: 11.2015.80.2
  address: 43 Loftus Cres, Homebush 2140 NSW
  description: Demolition of existing structures and construction of a 5 storey resid
    ential flat building comprising 40 dwellings over basement car park.
  info_url: https://datracker.strathfield.nsw.gov.au/Application/ApplicationDetails/011.2015.00000080.002
  date_scraped: '2025-04-15'
  date_received: '2019-04-15'
  authority_label: strathfield
- council_reference: 11.2016.195.3
  address: 10 Homebush Rd, Strathfield 2135 NSW
  description: Demolition of existing structures and construction of a boarding house
    containing (52) rooms over one (1) level of basement parking.
  info_url: https://datracker.strathfield.nsw.gov.au/Application/ApplicationDetails/011.2016.00000195.003
  date_scraped: '2025-04-15'
  date_received: '2019-04-29'
  authority_label: strathfield
- council_reference: 11.2017.151.1
  address: 166 Homebush Rd, Strathfield 2135 NSW
  description: Construction of 2 new bedrooms granny flat.
  info_url: https://datracker.strathfield.nsw.gov.au/Application/ApplicationDetails/011.2017.00000151.001
  date_scraped: '2025-04-15'
  date_received: '2019-04-15'
  authority_label: strathfield
- council_reference: 11.2017.22.1
  address: 45 South St, Strathfield 2135 NSW
  description: Construction of a two (2) bedroom secondary dwelling (granny flat)
  info_url: https://datracker.strathfield.nsw.gov.au/Application/ApplicationDetails/011.2017.00000022.001
  date_scraped: '2025-04-15'
  date_received: '2019-04-17'
  authority_label: strathfield
- council_reference: 11.2018.125.1
  address: 43 Redmyre Rd, Strathfield 2135 NSW
  description: Alterations and additions to the rear of the existing dwelling
  info_url: https://datracker.strathfield.nsw.gov.au/Application/ApplicationDetails/011.2018.00000125.001
  date_scraped: '2025-04-15'
  date_received: '2019-05-01'
  authority_label: strathfield
- council_reference: 11.2018.142.1
  address: 1/1-5 Underwood Rd, Homebush 2140 NSW
  description: Internal shop fit out for "ASICS"
  info_url: https://datracker.strathfield.nsw.gov.au/Application/ApplicationDetails/011.2018.00000142.001
  date_scraped: '2025-04-15'
  date_received: '2019-04-30'
  authority_label: strathfield
- council_reference: 11.2018.150.1
  address: 2-36 Weeroona Rd, Strathfield 2135 NSW
  description: Alterations and additions to the existing Australia Post distribution
    centre to accomodate an x-ray machine and associated services - Stage 1 Structual
    works only.
  info_url: https://datracker.strathfield.nsw.gov.au/Application/ApplicationDetails/011.2018.00000150.001
  date_scraped: '2025-04-15'
  date_received: '2019-04-29'
  authority_label: strathfield
- council_reference: 11.2018.85.1
  address: 2 Bellfrog St, Greenacre 2190 NSW
  description: Demolition of existing structure and construction of an industrial
    war ehouse building with basement level parking, a total parking provision for
    thirteen (13) vehicles and proposed operating hours 7am-6pm (Mond ay-Friday) and
    8am-4pm Saturday.
  info_url: https://datracker.strathfield.nsw.gov.au/Application/ApplicationDetails/011.2018.00000085.001
  date_scraped: '2025-04-15'
  date_received: '2019-04-19'
  authority_label: strathfield
- council_reference: 11.2018.97.1
  address: 11 Woodward Ave, Strathfield 2135 NSW
  description: Construction of a new two (2) storey residential dwelling with a grann
    y flat located at the rear.
  info_url: https://datracker.strathfield.nsw.gov.au/Application/ApplicationDetails/011.2018.00000097.001
  date_scraped: '2025-04-15'
  date_received: '2019-05-06'
  authority_label: strathfield
- council_reference: 11.2019.12.1
  address: 22A Kingsland Rd, Strathfield 2135 NSW
  description: Construction of a decking area with an awning and an awning over the
    e xisting first floor balcony
  info_url: https://datracker.strathfield.nsw.gov.au/Application/ApplicationDetails/011.2019.00000012.001
  date_scraped: '2025-04-15'
  date_received: '2019-05-13'
  authority_label: strathfield
