---
- council_reference: 1082/2009 - 2
  address: 4741 Hunter Rd, Moonan Flat 2337 NSW
  description: Dwelling
  info_url: http://onlineservices.upperhunter.nsw.gov.au/Application/ApplicationDetails/023.2009.00001082.002
  date_scraped: '2025-04-15'
  date_received: '2019-05-01'
  authority_label: upper_hunter
- council_reference: 1085/2009 - 1
  address: 861 Sparkes Creek Rd, Upper Dartbrook 2336 NSW
  description: Septic Tank With Trench
  info_url: http://onlineservices.upperhunter.nsw.gov.au/Application/ApplicationDetails/023.2009.00001085.001
  date_scraped: '2025-04-15'
  date_received: '2019-04-27'
  authority_label: upper_hunter
- council_reference: 117/2017 - 2
  address: 456 Middlebrook Rd, Middle Brook 2337 NSW
  description: Section 4.55 Modification - Modify Condition No 1
  info_url: http://onlineservices.upperhunter.nsw.gov.au/Application/ApplicationDetails/010.2017.00000117.002
  date_scraped: '2025-04-15'
  date_received: '2019-05-01'
  authority_label: upper_hunter
- council_reference: 168/2014 - 1
  address: 10 Liverpool St, Scone 2337 NSW
  description: Boundary Adjustment
  info_url: http://onlineservices.upperhunter.nsw.gov.au/Application/ApplicationDetails/015.2014.00000168.001
  date_scraped: '2025-04-15'
  date_received: '2019-05-03'
  authority_label: upper_hunter
- council_reference: 169/2018 - 1
  address: 14 Philip St, Scone 2337 NSW
  description: Storage Shed
  info_url: http://onlineservices.upperhunter.nsw.gov.au/Application/ApplicationDetails/011.2018.00000169.001
  date_scraped: '2025-04-15'
  date_received: '2019-04-30'
  authority_label: upper_hunter
- council_reference: 19/2019 - 1
  address: 48 Edrop St, Blandford 2338 NSW
  description: Relocated Dwelling
  info_url: http://onlineservices.upperhunter.nsw.gov.au/Application/ApplicationDetails/011.2019.00000019.001
  date_scraped: '2025-04-15'
  date_received: '2019-05-07'
  authority_label: upper_hunter
- council_reference: 21/2017 - 5
  address: Middlebrook Rd, Middle Brook 2337 NSW
  description: Section 4.55 Modification - Modify Condition 28
  info_url: http://onlineservices.upperhunter.nsw.gov.au/Application/ApplicationDetails/010.2017.00000021.005
  date_scraped: '2025-04-15'
  date_received: '2019-05-02'
  authority_label: upper_hunter
- council_reference: 21/2019 - 1
  address: 2036C New England Hwy, Scone 2337 NSW
  description: Storage Shed Including Workshop & Amenities
  info_url: http://onlineservices.upperhunter.nsw.gov.au/Application/ApplicationDetails/011.2019.00000021.001
  date_scraped: '2025-04-15'
  date_received: '2019-05-01'
  authority_label: upper_hunter
- council_reference: 23/2019 - 1
  address: 104 Kingdon St, Scone 2337 NSW
  description: Cover for Heritage Farm Display
  info_url: http://onlineservices.upperhunter.nsw.gov.au/Application/ApplicationDetails/011.2019.00000023.001
  date_scraped: '2025-04-15'
  date_received: '2019-05-06'
  authority_label: upper_hunter
- council_reference: 26/2019 - 1
  address: 100 Haydon St, Murrurundi 2338 NSW
  description: Garage & Carport
  info_url: http://onlineservices.upperhunter.nsw.gov.au/Application/ApplicationDetails/011.2019.00000026.001
  date_scraped: '2025-04-15'
  date_received: '2019-04-15'
  authority_label: upper_hunter
- council_reference: 2706/2019 - 1
  address: 54 Hulks Rd, Merriwa 2329 NSW
  description: Septic without a trench
  info_url: http://onlineservices.upperhunter.nsw.gov.au/Application/ApplicationDetails/023.2019.00002706.001
  date_scraped: '2025-04-15'
  date_received: '2019-04-30'
  authority_label: upper_hunter
- council_reference: 2707/2019 - 1
  address: 154 Hulks Rd, Merriwa 2329 NSW
  description: OSMS
  info_url: http://onlineservices.upperhunter.nsw.gov.au/Application/ApplicationDetails/023.2019.00002707.001
  date_scraped: '2025-04-15'
  date_received: '2019-04-30'
  authority_label: upper_hunter
- council_reference: 2708/2019 - 1
  address: 130 Hulks Rd, Merriwa 2329 NSW
  description: OSMS
  info_url: http://onlineservices.upperhunter.nsw.gov.au/Application/ApplicationDetails/023.2019.00002708.001
  date_scraped: '2025-04-15'
  date_received: '2019-04-30'
  authority_label: upper_hunter
- council_reference: 2709/2019 - 1
  address: 153 Hulks Rd, Merriwa 2329 NSW
  description: OSMS
  info_url: http://onlineservices.upperhunter.nsw.gov.au/Application/ApplicationDetails/023.2019.00002709.001
  date_scraped: '2025-04-15'
  date_received: '2019-04-30'
  authority_label: upper_hunter
- council_reference: 2710/2019 - 1
  address: 189 Hulks Rd, Merriwa 2329 NSW
  description: OSMS
  info_url: http://onlineservices.upperhunter.nsw.gov.au/Application/ApplicationDetails/023.2019.00002710.001
  date_scraped: '2025-04-15'
  date_received: '2019-04-30'
  authority_label: upper_hunter
- council_reference: 2711/2019 - 1
  address: 1930 Wollara Rd, Merriwa 2329 NSW
  description: OSMS
  info_url: http://onlineservices.upperhunter.nsw.gov.au/Application/ApplicationDetails/023.2019.00002711.001
  date_scraped: '2025-04-15'
  date_received: '2019-04-30'
  authority_label: upper_hunter
- council_reference: 2712/2019 - 1
  address: 153 Hulks Rd, Merriwa 2329 NSW
  description: DOUBLE UP - SEE ST 2709/2019
  info_url: http://onlineservices.upperhunter.nsw.gov.au/Application/ApplicationDetails/023.2019.00002712.001
  date_scraped: '2025-04-15'
  date_received: '2019-04-30'
  authority_label: upper_hunter
- council_reference: 2713/2019 - 1
  address: 175 Hulks Rd, Merriwa 2329 NSW
  description: Shed only - Portable toilet on land - NO SEPTIC
  info_url: http://onlineservices.upperhunter.nsw.gov.au/Application/ApplicationDetails/023.2019.00002713.001
  date_scraped: '2025-04-15'
  date_received: '2019-04-30'
  authority_label: upper_hunter
- council_reference: 2714/2019 - 1
  address: 1840 Wollara Rd, Merriwa 2329 NSW
  description: OSMS
  info_url: http://onlineservices.upperhunter.nsw.gov.au/Application/ApplicationDetails/023.2019.00002714.001
  date_scraped: '2025-04-15'
  date_received: '2019-04-30'
  authority_label: upper_hunter
- council_reference: 2715/2019 - 1
  address: 1792 Wollara Rd, Merriwa 2329 NSW
  description: OSMS
  info_url: http://onlineservices.upperhunter.nsw.gov.au/Application/ApplicationDetails/023.2019.00002715.001
  date_scraped: '2025-04-15'
  date_received: '2019-05-01'
  authority_label: upper_hunter
- council_reference: 31/2019 - 1
  address: 130 Liverpool St, Scone 2337 NSW
  description: Food Van Parked In Carpark Between 7am-9am during School Term
  info_url: http://onlineservices.upperhunter.nsw.gov.au/Application/ApplicationDetails/017.2019.00000031.001
  date_scraped: '2025-04-15'
  date_received: '2019-04-23'
  authority_label: upper_hunter
- council_reference: 32/2019 - 1
  address: 351 Bobs Camp Rd, Gundy 2337 NSW
  description: Manufactured Dwelling
  info_url: http://onlineservices.upperhunter.nsw.gov.au/Application/ApplicationDetails/017.2019.00000032.001
  date_scraped: '2025-04-15'
  date_received: '2019-04-30'
  authority_label: upper_hunter
- council_reference: 33/2019 - 1
  address: 48 Main St, Parkville 2337 NSW
  description: Manufactured Home
  info_url: http://onlineservices.upperhunter.nsw.gov.au/Application/ApplicationDetails/017.2019.00000033.001
  date_scraped: '2025-04-15'
  date_received: '2019-05-03'
  authority_label: upper_hunter
- council_reference: 35/2019 - 1
  address: 171 Ringwood Rd, Merriwa 2329 NSW
  description: Rural driveway
  info_url: http://onlineservices.upperhunter.nsw.gov.au/Application/ApplicationDetails/017.2019.00000035.001
  date_scraped: '2025-04-15'
  date_received: '2019-05-14'
  authority_label: upper_hunter
- council_reference: 39/2019 - 1
  address: 2 Quigley St, Merriwa 2329 NSW
  description: Manufactured Dwelling
  info_url: http://onlineservices.upperhunter.nsw.gov.au/Application/ApplicationDetails/017.2019.00000039.001
  date_scraped: '2025-04-15'
  date_received: '2019-04-24'
  authority_label: upper_hunter
- council_reference: 40/2019 - 1
  address: 47-53 Mayne St, Murrurundi 2338 NSW
  description: Disabled Toilet
  info_url: http://onlineservices.upperhunter.nsw.gov.au/Application/ApplicationDetails/011.2019.00000040.001
  date_scraped: '2025-04-15'
  date_received: '2019-05-07'
  authority_label: upper_hunter
- council_reference: 41/2019 - 1
  address: 30 Towarri St, Scone 2337 NSW
  description: Dwelling - Alterations/Additions and retaining wall
  info_url: http://onlineservices.upperhunter.nsw.gov.au/Application/ApplicationDetails/010.2019.00000041.001
  date_scraped: '2025-04-15'
  date_received: '2019-04-17'
  authority_label: upper_hunter
- council_reference: 42/2019 - 1
  address: 14 Dodd St, Scone 2337 NSW
  description: Inground Swimming Pool
  info_url: http://onlineservices.upperhunter.nsw.gov.au/Application/ApplicationDetails/010.2019.00000042.001
  date_scraped: '2025-04-15'
  date_received: '2019-04-18'
  authority_label: upper_hunter
- council_reference: 43/2019 - 1
  address: Guernsey St, Scone 2337 NSW
  description: Canteen/bar facility
  info_url: http://onlineservices.upperhunter.nsw.gov.au/Application/ApplicationDetails/010.2019.00000043.001
  date_scraped: '2025-04-15'
  date_received: '2019-04-23'
  authority_label: upper_hunter
- council_reference: 44/2019 - 1
  address: 2 Quigley St, Merriwa 2329 NSW
  description: Manufactured Dwelling
  info_url: http://onlineservices.upperhunter.nsw.gov.au/Application/ApplicationDetails/010.2019.00000044.001
  date_scraped: '2025-04-15'
  date_received: '2019-04-24'
  authority_label: upper_hunter
- council_reference: 45/2019 - 1
  address: 48 Main St, Parkville 2337 NSW
  description: Manufactured dwelling
  info_url: http://onlineservices.upperhunter.nsw.gov.au/Application/ApplicationDetails/010.2019.00000045.001
  date_scraped: '2025-04-15'
  date_received: '2019-04-26'
  authority_label: upper_hunter
- council_reference: 46/2019 - 1
  address: 8 Mills St, Blandford 2338 NSW
  description: Home Business
  info_url: http://onlineservices.upperhunter.nsw.gov.au/Application/ApplicationDetails/010.2019.00000046.001
  date_scraped: '2025-04-15'
  date_received: '2019-04-26'
  authority_label: upper_hunter
- council_reference: 47/2019 - 1
  address: 2 Quigley St, Merriwa 2329 NSW
  description: Manufactured Secondary Dwelling, Double Garage & Carport & Garage
  info_url: http://onlineservices.upperhunter.nsw.gov.au/Application/ApplicationDetails/010.2019.00000047.001
  date_scraped: '2025-04-15'
  date_received: '2019-04-29'
  authority_label: upper_hunter
- council_reference: 48/2019 - 1
  address: 1163 Segenhoe Rd, Segenhoe 2337 NSW
  description: Storage shed
  info_url: http://onlineservices.upperhunter.nsw.gov.au/Application/ApplicationDetails/010.2019.00000048.001
  date_scraped: '2025-04-15'
  date_received: '2019-05-01'
  authority_label: upper_hunter
- council_reference: 49/2019 - 1
  address: 780 Moobi Rd, Moobi 2337 NSW
  description: Dwelling
  info_url: http://onlineservices.upperhunter.nsw.gov.au/Application/ApplicationDetails/010.2019.00000049.001
  date_scraped: '2025-04-15'
  date_received: '2019-05-03'
  authority_label: upper_hunter
- council_reference: 50/2019 - 1
  address: 11 Church St, Gundy 2337 NSW
  description: Water Tank
  info_url: http://onlineservices.upperhunter.nsw.gov.au/Application/ApplicationDetails/010.2019.00000050.001
  date_scraped: '2025-04-15'
  date_received: '2019-05-03'
  authority_label: upper_hunter
- council_reference: 51/2019 - 1
  address: 54-56 Macqueen St, Aberdeen 2336 NSW
  description: Markets & music event to be held on 27 July 2019
  info_url: http://onlineservices.upperhunter.nsw.gov.au/Application/ApplicationDetails/010.2019.00000051.001
  date_scraped: '2025-04-15'
  date_received: '2019-05-06'
  authority_label: upper_hunter
- council_reference: 52/2019 - 1
  address: 24 Mcloughlin St, Scone 2337 NSW
  description: Shed Extension
  info_url: http://onlineservices.upperhunter.nsw.gov.au/Application/ApplicationDetails/010.2019.00000052.001
  date_scraped: '2025-04-15'
  date_received: '2019-05-08'
  authority_label: upper_hunter
- council_reference: 53/2019 - 1
  address: 16 Mount St, Aberdeen 2336 NSW
  description: Garage
  info_url: http://onlineservices.upperhunter.nsw.gov.au/Application/ApplicationDetails/010.2019.00000053.001
  date_scraped: '2025-04-15'
  date_received: '2019-05-09'
  authority_label: upper_hunter
- council_reference: 54/2019 - 1
  address: 2022 New England Hwy, Scone 2337 NSW
  description: Storage Shed
  info_url: http://onlineservices.upperhunter.nsw.gov.au/Application/ApplicationDetails/010.2019.00000054.001
  date_scraped: '2025-04-15'
  date_received: '2019-05-10'
  authority_label: upper_hunter
- council_reference: 55/2019 - 1
  address: 25 Ellerston St, Moonan Flat 2337 NSW
  description: Dwelling & Carport
  info_url: http://onlineservices.upperhunter.nsw.gov.au/Application/ApplicationDetails/010.2019.00000055.001
  date_scraped: '2025-04-15'
  date_received: '2019-05-13'
  authority_label: upper_hunter
- council_reference: 56/2019 - 1
  address: 106 Perth St, Aberdeen 2336 NSW
  description: Storage Shed
  info_url: http://onlineservices.upperhunter.nsw.gov.au/Application/ApplicationDetails/010.2019.00000056.001
  date_scraped: '2025-04-15'
  date_received: '2019-05-13'
  authority_label: upper_hunter
- council_reference: 57/2019 - 1
  address: 13 Somerset Pl, Scone 2337 NSW
  description: Carport
  info_url: http://onlineservices.upperhunter.nsw.gov.au/Application/ApplicationDetails/010.2019.00000057.001
  date_scraped: '2025-04-15'
  date_received: '2019-05-14'
  authority_label: upper_hunter
- council_reference: 7/2019 - 1
  address: 4 William St, Merriwa 2329 NSW
  description: Garage
  info_url: http://onlineservices.upperhunter.nsw.gov.au/Application/ApplicationDetails/011.2019.00000007.001
  date_scraped: '2025-04-15'
  date_received: '2019-04-26'
  authority_label: upper_hunter
- council_reference: 8/2019 - 1
  address: 1-3 Campbell St, Aberdeen 2336 NSW
  description: Swimming Pool/Spa - Above Ground
  info_url: http://onlineservices.upperhunter.nsw.gov.au/Application/ApplicationDetails/018.2019.00000008.001
  date_scraped: '2025-04-15'
  date_received: '2019-05-07'
  authority_label: upper_hunter
- council_reference: 9/2019 - 1
  address: 57-61 Segenhoe St, Aberdeen 2336 NSW
  description: Educational Establishment
  info_url: http://onlineservices.upperhunter.nsw.gov.au/Application/ApplicationDetails/018.2019.00000009.001
  date_scraped: '2025-04-15'
  date_received: '2019-04-30'
  authority_label: upper_hunter
- council_reference: 92/2018 - 1
  address: 163-169 Bettington St, Merriwa 2329 NSW
  description: Service Station alterations and two awnings
  info_url: http://onlineservices.upperhunter.nsw.gov.au/Application/ApplicationDetails/011.2018.00000092.001
  date_scraped: '2025-04-15'
  date_received: '2019-05-13'
  authority_label: upper_hunter
